10.4s 1 0.00s - Debugger warning: It seems that frozen modules are being used, which may
10.4s 2 0.00s - make the debugger miss breakpoints. Please pass -Xfrozen_modules=off
10.4s 3 0.00s - to python to disable frozen modules.
10.4s 4 0.00s - Note: Debugging will proceed. Set PYDEVD_DISABLE_FILE_VALIDATION=1 to disable this validation.
11.2s 5 0.00s - Debugger warning: It seems that frozen modules are being used, which may
11.2s 6 0.00s - make the debugger miss breakpoints. Please pass -Xfrozen_modules=off
11.2s 7 0.00s - to python to disable frozen modules.
11.2s 8 0.00s - Note: Debugging will proceed. Set PYDEVD_DISABLE_FILE_VALIDATION=1 to disable this validation.
59.8s 9 annotation file: /kaggle/input/datasets/ptrnghieu/hi-ef-dataset/Hi-EF-20260829T071606Z-1-001/Hi-EF/annotation.csv
59.9s 10 development MCIS 2421 | episodes 45
98.8s 11 {'face': (6756, 16, 512), 'fmask': (6756, 16), 'ori': (6756, 16, 512), 'text': (6756, 512), 'audio': (6756, 527), 'afound': (6756,)}
99.0s 12 ==== clip III kept: 100% of its duration (oracle listener) ====
121.5s 13 HSEmotion embedding available: True | frame feature dim 146
129.1s 14 A found in III 100.0% | listener visible in III 50.0% | listener also in I/II 77.2%
129.1s 15 B matched (oracle listener) 87.9% | clip-III faces kept 100.0% | oracle listener visible in III 50.0% | in I/II 77.2%
129.7s 16 scene token of clip III uses 16 of 16 frames
129.7s 17 parameters: {}
129.9s 18 parameters: {'Full': '0.709M', 'minus-L': '0.709M'}
129.9s 19 fold sizes (MCIS): [np.int64(481), np.int64(487), np.int64(479), np.int64(479), np.int64(495)]
136.8s 20 fold 0: train 1733 | early-stop 207 | eval 481
150.5s 21 fold 0 Full           seed 42: sel 23.55 | UAR 27.20 WAR 41.37 | 0.3 min
161.0s 22 fold 0 Full           seed 123: sel 22.42 | UAR 26.27 WAR 34.10 | 0.5 min
174.5s 23 fold 0 Full           seed 456: sel 22.41 | UAR 24.19 WAR 28.07 | 0.7 min
184.0s 24 fold 0 Full           seed 7: sel 23.05 | UAR 27.23 WAR 33.06 | 0.9 min
189.1s 25 fold 0 Full           seed 11: sel 23.49 | UAR 25.53 WAR 39.50 | 1.0 min
196.4s 26 fold 0 minus-L        seed 42: sel 20.74 | UAR 26.29 WAR 37.84 | 1.1 min
216.1s 27 fold 0 minus-L        seed 123: sel 24.58 | UAR 23.88 WAR 33.26 | 1.4 min
228.1s 28 fold 0 minus-L        seed 456: sel 19.28 | UAR 22.21 WAR 30.56 | 1.6 min
234.3s 29 fold 0 minus-L        seed 7: sel 18.58 | UAR 25.26 WAR 36.38 | 1.7 min
239.5s 30 fold 0 minus-L        seed 11: sel 20.24 | UAR 22.64 WAR 37.01 | 1.8 min
246.1s 31 fold 1: train 1667 | early-stop 267 | eval 487
253.4s 32 fold 1 Full           seed 42: sel 29.95 | UAR 27.98 WAR 39.43 | 2.1 min
260.4s 33 fold 1 Full           seed 123: sel 32.50 | UAR 27.25 WAR 41.48 | 2.2 min
270.4s 34 fold 1 Full           seed 456: sel 27.32 | UAR 26.81 WAR 38.40 | 2.3 min
277.2s 35 fold 1 Full           seed 7: sel 28.60 | UAR 28.05 WAR 42.30 | 2.5 min
287.3s 36 fold 1 Full           seed 11: sel 28.56 | UAR 24.01 WAR 36.76 | 2.6 min
294.5s 37 fold 1 minus-L        seed 42: sel 26.44 | UAR 28.27 WAR 40.04 | 2.7 min
302.4s 38 fold 1 minus-L        seed 123: sel 29.12 | UAR 25.00 WAR 36.55 | 2.9 min
307.9s 39 fold 1 minus-L        seed 456: sel 24.21 | UAR 24.68 WAR 37.37 | 3.0 min
314.8s 40 fold 1 minus-L        seed 7: sel 26.76 | UAR 25.47 WAR 39.84 | 3.1 min
323.9s 41 fold 1 minus-L        seed 11: sel 24.64 | UAR 22.70 WAR 32.85 | 3.2 min
330.4s 42 fold 2: train 1634 | early-stop 308 | eval 479
338.1s 43 fold 2 Full           seed 42: sel 23.99 | UAR 26.27 WAR 36.95 | 3.5 min
344.1s 44 fold 2 Full           seed 123: sel 21.11 | UAR 24.17 WAR 35.91 | 3.6 min
350.7s 45 fold 2 Full           seed 456: sel 22.81 | UAR 26.65 WAR 37.37 | 3.7 min
358.3s 46 fold 2 Full           seed 7: sel 23.56 | UAR 25.40 WAR 36.95 | 3.8 min
365.3s 47 fold 2 Full           seed 11: sel 24.64 | UAR 27.33 WAR 37.58 | 3.9 min
373.5s 48 fold 2 minus-L        seed 42: sel 23.77 | UAR 22.56 WAR 32.57 | 4.1 min
381.1s 49 fold 2 minus-L        seed 123: sel 23.23 | UAR 22.11 WAR 32.15 | 4.2 min
389.3s 50 fold 2 minus-L        seed 456: sel 24.41 | UAR 19.07 WAR 26.93 | 4.3 min
396.1s 51 fold 2 minus-L        seed 7: sel 24.31 | UAR 22.54 WAR 32.99 | 4.4 min
403.9s 52 fold 2 minus-L        seed 11: sel 26.10 | UAR 20.04 WAR 27.97 | 4.6 min
410.5s 53 fold 3: train 1713 | early-stop 229 | eval 479
420.1s 54 fold 3 Full           seed 42: sel 28.56 | UAR 22.11 WAR 30.48 | 4.8 min
427.2s 55 fold 3 Full           seed 123: sel 28.38 | UAR 20.55 WAR 32.99 | 5.0 min
433.9s 56 fold 3 Full           seed 456: sel 28.96 | UAR 20.64 WAR 31.32 | 5.1 min
439.9s 57 fold 3 Full           seed 7: sel 25.43 | UAR 19.63 WAR 31.94 | 5.2 min
447.2s 58 fold 3 Full           seed 11: sel 28.10 | UAR 21.49 WAR 31.73 | 5.3 min
454.4s 59 fold 3 minus-L        seed 42: sel 26.49 | UAR 20.09 WAR 29.44 | 5.4 min
464.6s 60 fold 3 minus-L        seed 123: sel 24.01 | UAR 19.04 WAR 24.43 | 5.6 min
471.3s 61 fold 3 minus-L        seed 456: sel 25.88 | UAR 20.06 WAR 30.48 | 5.7 min
478.5s 62 fold 3 minus-L        seed 7: sel 23.87 | UAR 20.20 WAR 30.90 | 5.8 min
488.9s 63 fold 3 minus-L        seed 11: sel 26.87 | UAR 20.35 WAR 31.32 | 6.0 min
495.7s 64 fold 4: train 1567 | early-stop 359 | eval 495
501.4s 65 fold 4 Full           seed 42: sel 26.05 | UAR 25.58 WAR 35.56 | 6.2 min
509.7s 66 fold 4 Full           seed 123: sel 27.22 | UAR 24.53 WAR 37.58 | 6.3 min
516.5s 67 fold 4 Full           seed 456: sel 27.61 | UAR 23.12 WAR 31.92 | 6.4 min
526.8s 68 fold 4 Full           seed 7: sel 26.80 | UAR 21.91 WAR 30.71 | 6.6 min
535.0s 69 fold 4 Full           seed 11: sel 26.41 | UAR 21.70 WAR 32.53 | 6.8 min
542.3s 70 fold 4 minus-L        seed 42: sel 24.29 | UAR 20.63 WAR 28.08 | 6.9 min
547.7s 71 fold 4 minus-L        seed 123: sel 22.80 | UAR 20.70 WAR 27.47 | 7.0 min
556.7s 72 fold 4 minus-L        seed 456: sel 26.21 | UAR 17.84 WAR 26.06 | 7.1 min
562.8s 73 fold 4 minus-L        seed 7: sel 24.11 | UAR 21.75 WAR 31.52 | 7.2 min
571.1s 74 fold 4 minus-L        seed 11: sel 26.19 | UAR 21.99 WAR 28.69 | 7.4 min
571.1s 75 saved g44_oof_probs_p100.npz and g44_fold_seed_log_p100.csv
571.3s 76 ==== clip III kept: 80% of its duration (oracle listener) ====
572.1s 77 HSEmotion embedding available: True | frame feature dim 146
579.5s 78 A found in III 100.0% | listener visible in III 19.0% | listener also in I/II 77.2%
579.5s 79 B matched (oracle listener) 87.9% | clip-III faces kept 79.4% | oracle listener visible in III 19.0% | in I/II 77.2%
579.6s 80 scene token of clip III uses 13 of 16 frames
579.6s 81 parameters: {}
579.6s 82 parameters: {'Full': '0.709M', 'minus-L': '0.709M'}
579.7s 83 fold sizes (MCIS): [np.int64(481), np.int64(487), np.int64(479), np.int64(479), np.int64(495)]
586.5s 84 fold 0: train 1733 | early-stop 207 | eval 481
592.0s 85 fold 0 Full           seed 42: sel 22.55 | UAR 27.73 WAR 42.83 | 0.2 min
605.9s 86 fold 0 Full           seed 123: sel 21.62 | UAR 24.16 WAR 30.77 | 0.4 min
619.5s 87 fold 0 Full           seed 456: sel 21.92 | UAR 22.83 WAR 27.44 | 0.7 min
631.3s 88 fold 0 Full           seed 7: sel 21.78 | UAR 25.52 WAR 32.43 | 0.9 min
636.8s 89 fold 0 Full           seed 11: sel 22.09 | UAR 26.11 WAR 40.33 | 1.0 min
642.7s 90 fold 0 minus-L        seed 42: sel 19.29 | UAR 23.70 WAR 34.10 | 1.1 min
662.1s 91 fold 0 minus-L        seed 123: sel 23.19 | UAR 19.72 WAR 24.95 | 1.4 min
670.2s 92 fold 0 minus-L        seed 456: sel 19.17 | UAR 25.77 WAR 41.58 | 1.5 min
676.1s 93 fold 0 minus-L        seed 7: sel 17.91 | UAR 24.54 WAR 34.93 | 1.6 min
682.0s 94 fold 0 minus-L        seed 11: sel 19.64 | UAR 25.65 WAR 38.46 | 1.7 min
688.9s 95 fold 1: train 1667 | early-stop 267 | eval 487
695.8s 96 fold 1 Full           seed 42: sel 28.70 | UAR 28.08 WAR 42.09 | 1.9 min
703.7s 97 fold 1 Full           seed 123: sel 30.74 | UAR 26.54 WAR 36.55 | 2.1 min
710.9s 98 fold 1 Full           seed 456: sel 26.35 | UAR 28.13 WAR 39.22 | 2.2 min
717.9s 99 fold 1 Full           seed 7: sel 28.06 | UAR 27.21 WAR 41.27 | 2.3 min
727.5s 100 fold 1 Full           seed 11: sel 27.24 | UAR 23.04 WAR 33.06 | 2.5 min
735.5s 101 fold 1 minus-L        seed 42: sel 26.27 | UAR 26.86 WAR 37.37 | 2.6 min
742.4s 102 fold 1 minus-L        seed 123: sel 27.58 | UAR 24.45 WAR 36.55 | 2.7 min
750.2s 103 fold 1 minus-L        seed 456: sel 24.05 | UAR 24.03 WAR 35.52 | 2.8 min
757.2s 104 fold 1 minus-L        seed 7: sel 26.40 | UAR 25.11 WAR 39.84 | 3.0 min
763.8s 105 fold 1 minus-L        seed 11: sel 24.45 | UAR 26.98 WAR 42.09 | 3.1 min
770.3s 106 fold 2: train 1634 | early-stop 308 | eval 479
777.6s 107 fold 2 Full           seed 42: sel 23.30 | UAR 24.23 WAR 34.66 | 3.3 min
784.4s 108 fold 2 Full           seed 123: sel 21.38 | UAR 25.17 WAR 36.53 | 3.4 min
791.7s 109 fold 2 Full           seed 456: sel 23.79 | UAR 25.18 WAR 36.12 | 3.5 min
798.4s 110 fold 2 Full           seed 7: sel 23.67 | UAR 23.46 WAR 34.24 | 3.6 min
809.4s 111 fold 2 Full           seed 11: sel 24.38 | UAR 23.25 WAR 32.99 | 3.8 min
817.9s 112 fold 2 minus-L        seed 42: sel 22.76 | UAR 21.39 WAR 29.85 | 4.0 min
825.6s 113 fold 2 minus-L        seed 123: sel 21.53 | UAR 21.62 WAR 31.94 | 4.1 min
834.0s 114 fold 2 minus-L        seed 456: sel 24.36 | UAR 20.78 WAR 28.81 | 4.2 min
840.9s 115 fold 2 minus-L        seed 7: sel 22.60 | UAR 22.34 WAR 31.11 | 4.4 min
849.2s 116 fold 2 minus-L        seed 11: sel 23.38 | UAR 21.15 WAR 29.44 | 4.5 min
855.7s 117 fold 3: train 1713 | early-stop 229 | eval 479
864.2s 118 fold 3 Full           seed 42: sel 29.43 | UAR 21.95 WAR 31.11 | 4.7 min
874.7s 119 fold 3 Full           seed 123: sel 27.81 | UAR 19.82 WAR 27.35 | 4.9 min
881.6s 120 fold 3 Full           seed 456: sel 27.74 | UAR 21.12 WAR 32.36 | 5.0 min
887.5s 121 fold 3 Full           seed 7: sel 25.17 | UAR 20.51 WAR 31.73 | 5.1 min
897.2s 122 fold 3 Full           seed 11: sel 25.43 | UAR 20.58 WAR 30.90 | 5.3 min
906.6s 123 fold 3 minus-L        seed 42: sel 26.83 | UAR 20.40 WAR 27.97 | 5.4 min
913.4s 124 fold 3 minus-L        seed 123: sel 23.10 | UAR 20.19 WAR 31.52 | 5.6 min
920.2s 125 fold 3 minus-L        seed 456: sel 24.83 | UAR 20.54 WAR 31.32 | 5.7 min
927.5s 126 fold 3 minus-L        seed 7: sel 23.11 | UAR 20.28 WAR 30.48 | 5.8 min
938.1s 127 fold 3 minus-L        seed 11: sel 26.40 | UAR 20.39 WAR 30.90 | 6.0 min
944.8s 128 fold 4: train 1567 | early-stop 359 | eval 495
950.5s 129 fold 4 Full           seed 42: sel 25.07 | UAR 23.97 WAR 33.33 | 6.2 min
958.6s 130 fold 4 Full           seed 123: sel 26.52 | UAR 23.57 WAR 34.14 | 6.3 min
966.2s 131 fold 4 Full           seed 456: sel 26.33 | UAR 22.03 WAR 32.32 | 6.4 min
978.4s 132 fold 4 Full           seed 7: sel 25.85 | UAR 20.34 WAR 29.70 | 6.6 min
985.1s 133 fold 4 Full           seed 11: sel 25.15 | UAR 23.15 WAR 33.74 | 6.8 min
992.7s 134 fold 4 minus-L        seed 42: sel 23.92 | UAR 21.24 WAR 29.70 | 6.9 min
1004.6s 135 fold 4 minus-L        seed 123: sel 23.83 | UAR 19.08 WAR 25.86 | 7.1 min
1012.4s 136 fold 4 minus-L        seed 456: sel 25.71 | UAR 20.46 WAR 28.48 | 7.2 min
1018.3s 137 fold 4 minus-L        seed 7: sel 23.07 | UAR 20.10 WAR 29.49 | 7.3 min
1026.7s 138 fold 4 minus-L        seed 11: sel 25.51 | UAR 21.13 WAR 29.70 | 7.5 min
1026.7s 139 saved g44_oof_probs_p080.npz and g44_fold_seed_log_p080.csv
1026.9s 140 ==== clip III kept: 60% of its duration (oracle listener) ====
1027.6s 141 HSEmotion embedding available: True | frame feature dim 146
1035.1s 142 A found in III 99.6% | listener visible in III 10.7% | listener also in I/II 77.2%
1035.1s 143 B matched (oracle listener) 87.9% | clip-III faces kept 60.7% | oracle listener visible in III 10.7% | in I/II 77.2%
1035.2s 144 scene token of clip III uses 10 of 16 frames
1035.2s 145 parameters: {}
1035.2s 146 parameters: {'Full': '0.709M', 'minus-L': '0.709M'}
1035.3s 147 fold sizes (MCIS): [np.int64(481), np.int64(487), np.int64(479), np.int64(479), np.int64(495)]
1041.6s 148 fold 0: train 1733 | early-stop 207 | eval 481
1051.6s 149 fold 0 Full           seed 42: sel 22.19 | UAR 25.46 WAR 36.38 | 0.3 min
1065.6s 150 fold 0 Full           seed 123: sel 23.19 | UAR 21.95 WAR 26.82 | 0.5 min
1075.5s 151 fold 0 Full           seed 456: sel 19.69 | UAR 22.99 WAR 29.31 | 0.7 min
1080.7s 152 fold 0 Full           seed 7: sel 19.81 | UAR 21.71 WAR 36.17 | 0.8 min
1085.9s 153 fold 0 Full           seed 11: sel 23.10 | UAR 23.62 WAR 37.42 | 0.8 min
1093.3s 154 fold 0 minus-L        seed 42: sel 19.78 | UAR 26.51 WAR 36.38 | 1.0 min
1108.6s 155 fold 0 minus-L        seed 123: sel 22.26 | UAR 22.09 WAR 29.31 | 1.2 min
1116.7s 156 fold 0 minus-L        seed 456: sel 20.20 | UAR 25.76 WAR 41.37 | 1.4 min
1123.2s 157 fold 0 minus-L        seed 7: sel 19.60 | UAR 25.19 WAR 36.38 | 1.5 min
1128.4s 158 fold 0 minus-L        seed 11: sel 20.28 | UAR 22.71 WAR 36.59 | 1.6 min
1135.0s 159 fold 1: train 1667 | early-stop 267 | eval 487
1142.2s 160 fold 1 Full           seed 42: sel 28.15 | UAR 27.39 WAR 37.78 | 1.8 min
1148.3s 161 fold 1 Full           seed 123: sel 29.30 | UAR 28.13 WAR 42.30 | 1.9 min
1155.0s 162 fold 1 Full           seed 456: sel 26.35 | UAR 30.28 WAR 41.07 | 2.0 min
1162.0s 163 fold 1 Full           seed 7: sel 27.91 | UAR 26.58 WAR 40.86 | 2.1 min
1172.0s 164 fold 1 Full           seed 11: sel 26.84 | UAR 24.77 WAR 39.63 | 2.3 min
1179.3s 165 fold 1 minus-L        seed 42: sel 26.28 | UAR 25.69 WAR 37.78 | 2.4 min
1186.0s 166 fold 1 minus-L        seed 123: sel 28.07 | UAR 23.74 WAR 35.73 | 2.5 min
1192.1s 167 fold 1 minus-L        seed 456: sel 24.48 | UAR 26.05 WAR 40.04 | 2.6 min
1199.0s 168 fold 1 minus-L        seed 7: sel 27.09 | UAR 24.06 WAR 38.81 | 2.7 min
1205.5s 169 fold 1 minus-L        seed 11: sel 24.15 | UAR 26.93 WAR 41.68 | 2.8 min
1212.1s 170 fold 2: train 1634 | early-stop 308 | eval 479
1219.3s 171 fold 2 Full           seed 42: sel 23.72 | UAR 24.10 WAR 34.86 | 3.1 min
1225.6s 172 fold 2 Full           seed 123: sel 20.65 | UAR 24.60 WAR 35.91 | 3.2 min
1238.6s 173 fold 2 Full           seed 456: sel 22.62 | UAR 22.40 WAR 30.27 | 3.4 min
1245.8s 174 fold 2 Full           seed 7: sel 23.19 | UAR 25.32 WAR 35.07 | 3.5 min
1253.4s 175 fold 2 Full           seed 11: sel 22.96 | UAR 24.15 WAR 33.40 | 3.6 min
1259.7s 176 fold 2 minus-L        seed 42: sel 22.70 | UAR 22.51 WAR 33.19 | 3.7 min
1266.6s 177 fold 2 minus-L        seed 123: sel 21.59 | UAR 20.65 WAR 29.65 | 3.9 min
1273.9s 178 fold 2 minus-L        seed 456: sel 22.94 | UAR 22.15 WAR 31.11 | 4.0 min
1280.4s 179 fold 2 minus-L        seed 7: sel 22.28 | UAR 22.01 WAR 31.94 | 4.1 min
1286.9s 180 fold 2 minus-L        seed 11: sel 23.16 | UAR 23.00 WAR 32.15 | 4.2 min
1293.3s 181 fold 3: train 1713 | early-stop 229 | eval 479
1301.9s 182 fold 3 Full           seed 42: sel 28.39 | UAR 21.80 WAR 30.69 | 4.4 min
1311.5s 183 fold 3 Full           seed 123: sel 25.89 | UAR 18.42 WAR 26.93 | 4.6 min
1318.2s 184 fold 3 Full           seed 456: sel 27.26 | UAR 21.84 WAR 32.99 | 4.7 min
1324.0s 185 fold 3 Full           seed 7: sel 25.48 | UAR 20.99 WAR 31.94 | 4.8 min
1331.5s 186 fold 3 Full           seed 11: sel 26.57 | UAR 21.60 WAR 32.36 | 4.9 min
1341.0s 187 fold 3 minus-L        seed 42: sel 25.35 | UAR 20.11 WAR 28.18 | 5.1 min
1350.2s 188 fold 3 minus-L        seed 123: sel 24.03 | UAR 20.88 WAR 29.85 | 5.2 min
1357.0s 189 fold 3 minus-L        seed 456: sel 24.71 | UAR 20.94 WAR 31.73 | 5.4 min
1362.8s 190 fold 3 minus-L        seed 7: sel 23.02 | UAR 20.33 WAR 31.94 | 5.5 min
1377.9s 191 fold 3 minus-L        seed 11: sel 25.63 | UAR 17.90 WAR 24.84 | 5.7 min
1384.6s 192 fold 4: train 1567 | early-stop 359 | eval 495
1390.6s 193 fold 4 Full           seed 42: sel 25.02 | UAR 24.10 WAR 33.54 | 5.9 min
1398.9s 194 fold 4 Full           seed 123: sel 26.79 | UAR 22.49 WAR 32.12 | 6.1 min
1406.8s 195 fold 4 Full           seed 456: sel 25.72 | UAR 22.58 WAR 32.12 | 6.2 min
1415.8s 196 fold 4 Full           seed 7: sel 24.38 | UAR 19.93 WAR 28.69 | 6.3 min
1424.5s 197 fold 4 Full           seed 11: sel 25.46 | UAR 20.88 WAR 30.71 | 6.5 min
1432.0s 198 fold 4 minus-L        seed 42: sel 24.01 | UAR 21.33 WAR 29.29 | 6.6 min
1444.2s 199 fold 4 minus-L        seed 123: sel 23.37 | UAR 18.19 WAR 22.83 | 6.8 min
1452.1s 200 fold 4 minus-L        seed 456: sel 26.03 | UAR 20.33 WAR 28.69 | 6.9 min
1460.1s 201 fold 4 minus-L        seed 7: sel 23.12 | UAR 19.17 WAR 25.25 | 7.1 min
1466.8s 202 fold 4 minus-L        seed 11: sel 24.86 | UAR 19.43 WAR 28.08 | 7.2 min
1466.8s 203 saved g44_oof_probs_p060.npz and g44_fold_seed_log_p060.csv
1467.0s 204 == 2421 MCIS, 45 episodes, 5 seeds ==
1470.1s 205 kept 100% | faces III kept 100.0% | L visible III  50.0% | Full 26.44  minus-L 23.59 | listener gain +2.85 [+0.80,+4.95] (5/5 folds) | on L-visible-at-100% +3.59 [+0.83,+6.42] | Full − Full100 +0.00 [+0.00,+0.00]
1474.8s 206 kept  80% | faces III kept  79.4% | L visible III  19.0% | Full 25.30  minus-L 23.73 | listener gain +1.57 [-0.64,+3.75] (4/5 folds) | on L-visible-at-100% +2.25 [-1.19,+5.13] | Full − Full100 -1.14 [-3.18,+0.83]
1479.1s 207 kept  60% | faces III kept  60.7% | L visible III  10.7% | Full 25.31  minus-L 24.10 | listener gain +1.21 [-0.96,+3.88] (4/5 folds) | on L-visible-at-100% +1.68 [-1.31,+5.29] | Full − Full100 -1.13 [-3.07,+0.75]
1479.1s 208 
1479.1s 209 VERDICT: GAIN DEPENDS ON THE LATE FRAMES: the listener gain is not shown once the end of clip III is cut
1479.1s 210 saved /kaggle/working/g44_summary.csv
1479.1s 211 oracle listener (B) matched for 87.9% of MCIS; the rest have no listener token at any cut
1484.7s 212 /usr/local/lib/python3.13/dist-packages/mistune.py:435: SyntaxWarning: invalid escape sequence '\|'
1484.7s 213 cells[i][c] = re.sub('\\\\\|', '|', cell)
1484.9s 214 /usr/local/lib/python3.13/dist-packages/nbconvert/filters/filter_links.py:36: SyntaxWarning: invalid escape sequence '\_'
1484.9s 215 text = re.sub(r'_', '\_', text) # Escape underscores in display text
1485.8s 216 [NbConvertApp] Converting notebook __notebook__.ipynb to notebook
1485.9s 217 [NbConvertApp] Writing 192830 bytes to __notebook__.ipynb
1488.3s 218 [NbConvertApp] Converting notebook __notebook__.ipynb to html
1489.4s 219 [NbConvertApp] Writing 1013389 bytes to __results__.html