12.1s 1 0.00s - Debugger warning: It seems that frozen modules are being used, which may
12.1s 2 0.00s - make the debugger miss breakpoints. Please pass -Xfrozen_modules=off
12.1s 3 0.00s - to python to disable frozen modules.
12.1s 4 0.00s - Note: Debugging will proceed. Set PYDEVD_DISABLE_FILE_VALIDATION=1 to disable this validation.
13.0s 5 0.00s - Debugger warning: It seems that frozen modules are being used, which may
13.0s 6 0.00s - make the debugger miss breakpoints. Please pass -Xfrozen_modules=off
13.0s 7 0.00s - to python to disable frozen modules.
13.0s 8 0.00s - Note: Debugging will proceed. Set PYDEVD_DISABLE_FILE_VALIDATION=1 to disable this validation.
113.2s 9 development MCIS 2421 | clips I-III 5515 | B's previous emotion known 654
225.7s 10 B's clip-IV face (dominant identity) found for 100.0% of MCIS
250.8s 11 fold 0: ridge alpha 10000 | inner R2 0.155 | held-out R2 0.162 | shuffled inner R2 -0.008 | X 19.35 | X+T̂ 19.55 | X+T̂shuf 18.76 | X+T 23.48 | T 27.84
278.3s 12 fold 1: ridge alpha 10000 | inner R2 0.165 | held-out R2 0.176 | shuffled inner R2 -0.009 | X 19.85 | X+T̂ 18.92 | X+T̂shuf 19.54 | X+T 24.29 | T 33.77
304.8s 13 fold 2: ridge alpha 10000 | inner R2 0.155 | held-out R2 0.171 | shuffled inner R2 -0.010 | X 19.18 | X+T̂ 18.37 | X+T̂shuf 18.24 | X+T 21.51 | T 30.04
332.6s 14 fold 3: ridge alpha 10000 | inner R2 0.165 | held-out R2 0.170 | shuffled inner R2 -0.009 | X 17.42 | X+T̂ 18.61 | X+T̂shuf 18.56 | X+T 21.08 | T 28.82
361.0s 15 fold 4: ridge alpha 10000 | inner R2 0.161 | held-out R2 0.165 | shuffled inner R2 -0.010 | X 14.96 | X+T̂ 15.78 | X+T̂shuf 15.01 | X+T 19.54 | T 31.90
361.1s 16 fold   alpha  inner_R2  heldout_R2  alpha_shuf  inner_R2_shuf
361.1s 17 0 10000.0     0.155       0.162    100000.0         -0.008
361.1s 18 1 10000.0     0.165       0.176    100000.0         -0.009
361.1s 19 2 10000.0     0.155       0.171    100000.0         -0.010
361.1s 20 3 10000.0     0.165       0.170    100000.0         -0.009
361.1s 21 4 10000.0     0.161       0.165    100000.0         -0.010
361.2s 22 UAR by arm:
361.2s 23 all MCIS  B keeps own emotion  B changes own emotion  B not mirroring A
361.2s 24 X            18.23                22.29                  19.69              17.15
361.2s 25 X+T̂         18.35                22.52                  18.35              17.40
361.2s 26 X+T̂shuf     18.07                21.46                  18.01              17.43
361.2s 27 X+T          22.02                25.79                  20.65              20.60
361.2s 28 T            30.68                44.97                  24.28              29.37
373.7s 29 contrast                subset    n  dUAR    lo   hi
373.7s 30 X+T̂ - X              all MCIS 2421  0.12 -0.62 0.86
373.7s 31 X+T̂ - X   B keeps own emotion  320  0.24 -1.91 2.80
373.7s 32 X+T̂ - X B changes own emotion  334 -1.34 -3.28 0.49
373.7s 33 X+T̂ - X     B not mirroring A 1561  0.25 -0.63 1.08
373.7s 34 X+T̂ - X+T̂shuf              all MCIS 2421  0.28 -0.52 1.20
373.7s 35 X+T̂ - X+T̂shuf   B keeps own emotion  320  1.07 -0.97 3.91
373.7s 36 X+T̂ - X+T̂shuf B changes own emotion  334  0.34 -2.76 3.32
373.7s 37 X+T̂ - X+T̂shuf     B not mirroring A 1561 -0.03 -1.01 0.96
373.7s 38 X+T̂shuf - X              all MCIS 2421 -0.16 -0.99 0.69
373.7s 39 X+T̂shuf - X   B keeps own emotion  320 -0.83 -2.43 0.39
373.7s 40 X+T̂shuf - X B changes own emotion  334 -1.67 -4.29 0.71
373.7s 41 X+T̂shuf - X     B not mirroring A 1561  0.28 -0.68 1.32
373.7s 42 X+T - X              all MCIS 2421  3.79  2.66 4.97
373.7s 43 X+T - X   B keeps own emotion  320  3.51 -0.51 7.83
373.7s 44 X+T - X B changes own emotion  334  0.97 -2.48 4.52
373.7s 45 X+T - X     B not mirroring A 1561  3.45  1.84 5.04
373.7s 46 
373.7s 47 oracle X+T - X +3.79 [+2.66,+4.97] | main X+T̂ - X +0.12 [-0.62,+0.86] | vs shuffled +0.28 [-0.52,+1.20]
373.7s 48 VERDICT: STOP: the predicted future face does not improve the linear forecast
378.5s 49 /usr/local/lib/python3.13/dist-packages/mistune.py:435: SyntaxWarning: invalid escape sequence '\|'
378.5s 50 cells[i][c] = re.sub('\\\\\|', '|', cell)
378.8s 51 /usr/local/lib/python3.13/dist-packages/nbconvert/filters/filter_links.py:36: SyntaxWarning: invalid escape sequence '\_'
378.8s 52 text = re.sub(r'_', '\_', text) # Escape underscores in display text
379.8s 53 [NbConvertApp] Converting notebook __notebook__.ipynb to notebook
379.9s 54 [NbConvertApp] Writing 48413 bytes to __notebook__.ipynb
383.3s 55 [NbConvertApp] Converting notebook __notebook__.ipynb to html
384.1s 56 [NbConvertApp] Writing 389252 bytes to __results__.html